---
source: crates/adept_fmt/tests/format_tests.rs
expression: formatted
---
---
name: nested-lists-fixture
description: exercises nested list normalization for adept_fmt tests.
---

- Item one

- Item two

  1. Nested ordered one

  2. Nested ordered two

     - deeply nested bullet

- Item three

  - [ ] todo item
  - [x] done item
