---
source: crates/acorn-cli/src/commands/download/tests/mod.rs
assertion_line: 238
expression: text.trim_end()
---
 WARN => \x1b[31;49m🛑 REJECTED \x1b[0m\x1b[33mmozilla/test-llama\x1b[39m \x1b[2m(did not match whitelist)\x1b[0m
 WARN => \x1b[31;49mNOT_FOUND\x1b[0m \x1b[33mnvidia/nemotron-3-super-120b-a12b\x1b[39m \x1b[2m(unavailable on Hugging Face)\x1b[0m
 WARN => \x1b[31;49mNOT_FOUND\x1b[0m \x1b[33mopenai/gpt-oss-2b\x1b[39m \x1b[2m(unavailable on Hugging Face)\x1b[0m
 INFO => \x1b[30;43m RUN ▶ \x1b[0m Resolved \x1b[1m\x1b[36m2\x1b[39m\x1b[0m models
 INFO => \x1b[36mUSING\x1b[0m \x1b[32munsloth/gpt-oss-120b-GGUF\x1b[39m \x1b[2m\x1b[3mfallback from\x1b[0m openai/gpt-oss-120b\x1b[0m
 INFO => \x1b[36mUSING\x1b[0m \x1b[32munsloth/gpt-oss-20b-GGUF\x1b[39m \x1b[2m\x1b[3mfallback from\x1b[0m openai/gpt-oss-20b\x1b[0m
