---
source: acorn-lib/src/schema/standard/tests/ods.rs
assertion_line: 53
expression: "serde_json::to_string_pretty(&json).expect(\"failed to format json\")"
---
[
  {
    "attachments_count": 0,
    "dataset_id": "crushed-stone-operations",
    "features": [],
    "fields": {},
    "has_attachments": false,
    "has_records": false,
    "metas": {
      "custom-template": {
        "projects": null,
        "source-of-data": "Sample Data Provided"
      },
      "datacite": {
        "alternate-identifier": "crushed-stone-operations",
        "alternative-title": null,
        "contributor": null,
        "creator": null,
        "date": null,
        "description": "<div style=\"text-align:Left;\"><div><div><p><span style='color: rgb(86, 86, 86); font-family: -apple-system, \"system-ui\", \"Segoe UI\", Roboto, Helvetica, Arial, sans-serif;'>The dataset for </span><font color=\"#565656\" face=\"-apple-system, system-ui, Segoe UI, Roboto, Helvetica, Arial, sans-serif\">Crushed Stone Operations</font><span style='font-size: 0.875rem; color: rgb(86, 86, 86); font-family: -apple-system, \"system-ui\", \"Segoe UI\", Roboto, Helvetica, Arial, sans-serif;'> does not exist anymore. </span><span style='font-size: 0.875rem; color: rgb(86, 86, 86); font-family: -apple-system, \"system-ui\", \"Segoe UI\", Roboto, Helvetica, Arial, sans-serif;'> If this dataset becomes available again, we will repopulate this data card.  </span></p></div></div></div>",
        "format": "",
        "geolocation": "",
        "identifier": null,
        "language": "English",
        "publication-year": "2017",
        "publisher": "",
        "relatedidentifier": null,
        "resource-type": null,
        "rights": null,
        "size": "",
        "subject": [
          "mining and quarrying [USGS]"
        ],
        "title": "Crushed Stone Operations",
        "version": null
      },
      "dcat": {
        "accessRights": null,
        "accrualperiodicity": null,
        "conforms_to": null,
        "contact_email": null,
        "contact_name": null,
        "contributor": null,
        "created": null,
        "creator": "HostedByHIFLD",
        "dataquality": null,
        "granularity": null,
        "issued": "2017-06-12",
        "publisher_type": null,
        "relation": null,
        "spatial": "-159.4845,19.6285,-67.9642,64.6583",
        "temporal": null,
        "temporal_coverage_end": null,
        "temporal_coverage_start": null
      },
      "dcat_ap": {
        "accrualPeriodicity": null,
        "contact_email": null,
        "contact_name": null,
        "description": "<div style=\"text-align:Left;\"><p><span style='color: rgb(86, 86, 86); font-family: -apple-system, \"system-ui\", \"Segoe UI\", Roboto, Helvetica, Arial, sans-serif;'>The dataset for </span><font color=\"#565656\" face=\"-apple-system, system-ui, Segoe UI, Roboto, Helvetica, Arial, sans-serif\">Crushed Stone Operations</font><span style='font-size: 0.875rem; color: rgb(86, 86, 86); font-family: -apple-system, \"system-ui\", \"Segoe UI\", Roboto, Helvetica, Arial, sans-serif;'> does not exist anymore. </span><span style='font-size: 0.875rem; color: rgb(86, 86, 86); font-family: -apple-system, \"system-ui\", \"Segoe UI\", Roboto, Helvetica, Arial, sans-serif;'> If this dataset becomes available again, we will repopulate this data card.  </span></p></div>",
        "keyword": [
          "Ball clay",
          "Economy",
          "Mining operations",
          "Mica",
          "Minerals operations",
          "Construction minerals",
          "Gypsum",
          "Perlite",
          "Minerals",
          "Cement",
          "Pumice",
          "Common clay and Shale",
          "Dimension stone",
          "Mines",
          "Processing plants",
          "tombstone record"
        ],
        "publisher_name": "GeoPlatform ArcGIS Online",
        "publisher_type": null,
        "spatial_bbox": null,
        "spatial_centroid": null,
        "temporal_endDate": null,
        "temporal_startDate": null,
        "theme": null,
        "title": "Dataset does not exist anymore: Crushed Stone Operations"
      },
      "default": {
        "attributions": null,
        "bbox": null,
        "data_processed": "2025-11-19T13:04:54+00:00",
        "description": "<div style=\"text-align:Left;\"><p><span style='color: rgb(86, 86, 86); font-family: -apple-system, \"system-ui\", \"Segoe UI\", Roboto, Helvetica, Arial, sans-serif;'>The dataset for </span><font color=\"#565656\" face=\"-apple-system, system-ui, Segoe UI, Roboto, Helvetica, Arial, sans-serif\">Crushed Stone Operations</font><span style='font-size: 0.875rem; color: rgb(86, 86, 86); font-family: -apple-system, \"system-ui\", \"Segoe UI\", Roboto, Helvetica, Arial, sans-serif;'> does not exist anymore. </span><span style='font-size: 0.875rem; color: rgb(86, 86, 86); font-family: -apple-system, \"system-ui\", \"Segoe UI\", Roboto, Helvetica, Arial, sans-serif;'> If this dataset becomes available again, we will repopulate this data card.  </span></p></div>",
        "federated": false,
        "geographic_reference": null,
        "geographic_reference_auto": false,
        "geometry_types": null,
        "keyword": [
          "Ball clay",
          "Economy",
          "Mining operations",
          "Mica",
          "Minerals operations",
          "Construction minerals",
          "Gypsum",
          "Perlite",
          "Minerals",
          "Cement",
          "Pumice",
          "Common clay and Shale",
          "Dimension stone",
          "Mines",
          "Processing plants",
          "tombstone record"
        ],
        "language": null,
        "license": null,
        "license_url": null,
        "metadata_languages": [
          "en"
        ],
        "metadata_processed": "2025-11-19T13:07:33.475000+00:00",
        "modified": "2024-04-09T15:29:28+00:00",
        "modified_updates_on_data_change": false,
        "modified_updates_on_metadata_change": false,
        "parent_domain": null,
        "publisher": "GeoPlatform ArcGIS Online",
        "records_count": 0,
        "references": "",
        "shared_catalog": null,
        "source_dataset": null,
        "source_domain": null,
        "source_domain_address": null,
        "source_domain_title": null,
        "territory": null,
        "theme": [
          "Industry"
        ],
        "timezone": null,
        "title": "Dataset does not exist anymore: Crushed Stone Operations",
        "update_frequency": null
      },
      "dublin-core": {
        "abstract": null,
        "accessRights": null,
        "accrualMethod": null,
        "accrualPeriodicity": null,
        "accrualPolicy": null,
        "alternative": null,
        "audience": null,
        "available_end": null,
        "available_start": null,
        "bibliographicCitation": null,
        "conformsTo": null,
        "contributor": [
          "U.S. Energy Information Administration (Hosting Institution)"
        ],
        "coverage": null,
        "created": "2017-09-20T04:00:00+00:00",
        "creator": "United States Geological Survey",
        "dateAccepted": null,
        "dateCopyrighted": null,
        "dateSubmitted": null,
        "date_end": null,
        "date_start": null,
        "description": "<div style=\"text-align:Left;\"><p><span style='color: rgb(86, 86, 86); font-family: -apple-system, \"system-ui\", \"Segoe UI\", Roboto, Helvetica, Arial, sans-serif;'>The dataset for </span><font color=\"#565656\" face=\"-apple-system, system-ui, Segoe UI, Roboto, Helvetica, Arial, sans-serif\">Crushed Stone Operations</font><span style='font-size: 0.875rem; color: rgb(86, 86, 86); font-family: -apple-system, \"system-ui\", \"Segoe UI\", Roboto, Helvetica, Arial, sans-serif;'> does not exist anymore. </span><span style='font-size: 0.875rem; color: rgb(86, 86, 86); font-family: -apple-system, \"system-ui\", \"Segoe UI\", Roboto, Helvetica, Arial, sans-serif;'> If this dataset becomes available again, we will repopulate this data card.  </span></p></div>",
        "educationLevel": null,
        "extent": "256 KB",
        "format": null,
        "hasFormat": null,
        "hasPart": null,
        "hasVersion": null,
        "identifier": null,
        "instructionalMethod": null,
        "isFormatOf": null,
        "isPartOf": null,
        "isReferencedBy": null,
        "isReplacedBy": null,
        "isRequiredBy": null,
        "isVersionOf": null,
        "issued": null,
        "language": "eng",
        "license": null,
        "mediator": null,
        "medium": null,
        "modified": "2024-04-09T15:29:28+00:00",
        "provenance": null,
        "publisher": "GeoPlatform ArcGIS Online",
        "references": "https://www.arcgis.com/home/item.html?id=665d4ed3e0c74f4d8897792e608187b6",
        "relation": null,
        "replaces": null,
        "requires": null,
        "rights": null,
        "rightsHolder": null,
        "source": null,
        "spatial": "United States",
        "subject": [
          "mining and quarrying [USGS]"
        ],
        "tableOfContent": null,
        "temporal_end": null,
        "temporal_start": null,
        "title": "Dataset does not exist anymore: Crushed Stone Operations",
        "type": "Dataset",
        "valid_end": null,
        "valid_start": null
      }
    }
  }
]
