---
source: src/parser/diagnostics.rs
expression: parsed.unwrap().collect_parse_diagnostics()
---
- range:
    start:
      line: 3
      character: 16
    end:
      line: 7
      character: 14
  severity: 1
  source: adl-vscode
  message: Syntax error
- range:
    start:
      line: 8
      character: 4
    end:
      line: 8
      character: 6
  severity: 1
  source: adl-vscode
  message: Syntax error
