---
source: acorn-lib/src/io/tests/mod.rs
expression: "format!(\"{:#?}\", config.runners)"
---
Some(
    [
        RunnerDetails {
            code_repository: GitLab {
                id: Some(
                    16689,
                ),
                location: Detailed {
                    scheme: HTTPS,
                    uri: "https://code.ornl.gov/research-enablement/acorn",
                    revision: None,
                },
            },
            name: None,
            runner_type: Project,
            description: Some(
                "ACORN Runner (DELETE ME)",
            ),
            executor: Docker,
            gpu_enabled: false,
            tags: Some(
                [
                    "bucket",
                    "gpu",
                ],
            ),
            run_untagged: false,
            host: None,
            docker_image: "gitlab/gitlab-runner:latest",
            identifier: None,
            token: None,
        },
        RunnerDetails {
            code_repository: GitLab {
                id: Some(
                    24758,
                ),
                location: Simple(
                    "https://code.ornl.gov/research-enablement",
                ),
            },
            name: None,
            runner_type: Group,
            description: Some(
                "Research Enablement Runner (DELETE ME)",
            ),
            executor: Docker,
            gpu_enabled: false,
            tags: None,
            run_untagged: true,
            host: None,
            docker_image: "gitlab/gitlab-runner:latest",
            identifier: None,
            token: None,
        },
    ],
)
