---
source: crates/acorn-lib/src/schema/research_activity/tests/mod.rs
assertion_line: 247
expression: prose
---
Research Activity Title

## Mission
Purpose of the research

## Challenge
Reason for the research

## Approach
- List of actions taken to perform the research

## Impact
- List of tangible proof that validates the research approach

## Focus
Focus of the research

## Areas
- Areas of research
