---
source: crates/adept/tests/rules.rs
expression: "lint_fixture(\"sl203_no_trigger\")"
---
crates/adept/tests/fixtures/rules/sl203_no_trigger/SKILL.md:2:1: SL004 frontmatter `name` ("sl203-no-trigger") does not match the containing directory name ("sl203_no_trigger")
  fix: rename the `name` field to "sl203_no_trigger", or rename the directory to "sl203-no-trigger"
crates/adept/tests/fixtures/rules/sl203_no_trigger/SKILL.md:3:1: SL203 description does not state when the skill should be used
  fix: add trigger phrasing, e.g. "Use when the user asks to..."
crates/adept/tests/fixtures/rules/sl203_no_trigger/SKILL.md:3:1: SL206 description gives no guidance on when not to use the skill
  fix: consider adding "Do not use for..." guidance to reduce over-triggering
