---
source: crates/adept/tests/rules.rs
expression: "strip_repo_root(render_human_colored(&linter.lint_set(&set), false))"
---
crates/adept/tests/fixtures/missing_frontmatter/SKILL.md:1:1: SL003 SKILL.md must start with a line containing only '---' to open the YAML frontmatter block
  fix: add an opening `---` line as the first line of the file
