---
source: crates/adept/tests/rules.rs
expression: "lint_fixture(\"sl002_empty_name\")"
---
crates/adept/tests/fixtures/rules/sl002_empty_name/SKILL.md:2:1: SL002 the `name` frontmatter field is empty
  fix: set `name` to match the skill's directory name
crates/adept/tests/fixtures/rules/sl002_empty_name/SKILL.md:3:1: SL206 description gives no guidance on when not to use the skill
  fix: consider adding "Do not use for..." guidance to reduce over-triggering
