---
source: crates/adept/tests/rules.rs
expression: "lint_fixture(\"sl103_heading_skip\")"
---
crates/adept/tests/fixtures/rules/sl103_heading_skip/SKILL.md:2:1: SL004 frontmatter `name` ("sl103-heading-skip") does not match the containing directory name ("sl103_heading_skip")
  fix: rename the `name` field to "sl103_heading_skip", or rename the directory to "sl103-heading-skip"
crates/adept/tests/fixtures/rules/sl103_heading_skip/SKILL.md:3:1: SL206 description gives no guidance on when not to use the skill
  fix: consider adding "Do not use for..." guidance to reduce over-triggering
crates/adept/tests/fixtures/rules/sl103_heading_skip/SKILL.md:7:1: SL103 heading level jumps from h1 to h3 ("This Skips H2") without an intervening heading
  fix: use h2 instead, or add the missing intervening heading levels
