---
source: crates/acorn-lib/src/schema/tests/mod.rs
expression: "format!(\"{names:#?}\")"
---
[
    "ORNL",
    "BESSD",
    "BSD",
    "ESD",
    "APPL",
    "CCSD",
    "QSC",
    "CSED",
    "CSMD",
    "NCCS",
    "OLCF",
    "ASCR",
    "ESTD",
    "BTSD",
    "EEID",
    "MSD",
    "CFTF",
    "NTRC",
    "BTRIC",
    "MDF",
    "WPP",
    "FFESD",
    "FED",
    "NEFCD",
    "RSICC",
    "ISED",
    "RSTD",
    "REDC",
    "IPMD",
    "ESED",
    "NNFD",
    "NSSD",
    "CRID",
    "DSE",
    "DSV",
    "ECSR",
    "ECTR",
    "HAB",
    "RCI",
    "CPS",
    "ECSS",
    "FIOD",
    "GSHS",
    "NND",
    "TSEA",
    "NScD",
    "NSD",
    "CSMB",
    "HFIR",
    "SNS",
    "PSD",
    "CSD",
    "CNMSD",
    "CNMS",
    "eMMA",
    "F-AFM",
    "STM",
    "FHN",
    "NRL",
    "NTI",
    "DNA",
    "MSTD",
]
