---
source: src/actor.rs
expression: "final_order.join(\"\\n\")"
---
(0, 0, AsyncNonMut, start)
(1, 1, SyncNonMut, start)
(1, 1, SyncNonMut, end)
(2, 2, AsyncNonMut, start)
(0, 0, AsyncNonMut, end)
(2, 2, AsyncNonMut, end)
(3, 3, AsyncMut, start)
(3, 3, AsyncMut, end)
(4, 4, SyncNonMut, start)
(4, 4, SyncNonMut, end)
(5, 6, SyncMut, start)
(5, 6, SyncMut, end)
(6, 5, AsyncNonMut, start)
(6, 5, AsyncNonMut, end)
(7, 9, AsyncMut, start)
(7, 9, AsyncMut, end)
(8, 11, SyncNonMut, start)
(8, 11, SyncNonMut, end)
(9, 7, AsyncNonMut, start)
(10, 8, SyncNonMut, start)
(10, 8, SyncNonMut, end)
(9, 7, AsyncNonMut, end)
(11, 10, AsyncNonMut, start)
(11, 10, AsyncNonMut, end)
